../Core/Src/LTC6804.c:36:6:wakeup_idle	24	static
../Core/Src/LTC6804.c:48:6:wakeup_sleep	24	static
../Core/Src/LTC6804.c:59:6:cmd_68	24	static
../Core/Src/LTC6804.c:77:6:write_68	40	static
../Core/Src/LTC6804.c:118:8:read_68	296	static
../Core/Src/LTC6804.c:165:10:pec15_calc	24	static
../Core/Src/LTC6804.c:182:6:LTC680x_adcv	24	static
../Core/Src/LTC6804.c:200:6:LTC680x_adcvsc	24	static
../Core/Src/LTC6804.c:216:6:LTC680x_adcvax	24	static
../Core/Src/LTC6804.c:231:6:LTC680x_adol	24	static
../Core/Src/LTC6804.c:246:6:LTC680x_cvst	24	static
../Core/Src/LTC6804.c:263:6:LTC680x_axst	24	static
../Core/Src/LTC6804.c:280:6:LTC680x_statst	24	static
../Core/Src/LTC6804.c:297:9:LTC680x_pladc	16	static
../Core/Src/LTC6804.c:319:10:LTC680x_pollAdc	24	static
../Core/Src/LTC6804.c:357:6:LTC680x_adax	24	static
../Core/Src/LTC6804.c:374:6:LTC680x_adaxd	24	static
../Core/Src/LTC6804.c:390:6:LTC680x_adstat	24	static
../Core/Src/LTC6804.c:406:6:LTC680x_adstatd	24	static
../Core/Src/LTC6804.c:424:6:LTC680x_adow	24	static
../Core/Src/LTC6804.c:439:6:LTC680x_rdcv_reg	24	static
../Core/Src/LTC6804.c:491:8:parse_cells	40	static
../Core/Src/LTC6804.c:536:6:LTC680x_rdaux_reg	24	static
../Core/Src/LTC6804.c:587:6:LTC680x_rdstat_reg	24	static
../Core/Src/LTC6804.c:629:6:LTC680x_clrcell	16	static
../Core/Src/LTC6804.c:641:6:LTC680x_clraux	16	static
../Core/Src/LTC6804.c:654:6:LTC680x_clrstat	16	static
../Core/Src/LTC6804.c:663:6:LTC680x_clrsctrl	16	static
../Core/Src/LTC6804.c:669:6:LTC680x_diagn	16	static
../Core/Src/LTC6804.c:675:9:LTC680x_rdcv	48	static
../Core/Src/LTC6804.c:738:8:LTC680x_rdaux	48	static
../Core/Src/LTC6804.c:791:8:LTC680x_rdstat	48	static
../Core/Src/LTC6804.c:936:6:LTC680x_wrcfg	280	static
../Core/Src/LTC6804.c:965:6:LTC680x_wrcfgb	280	static
../Core/Src/LTC6804.c:994:8:LTC680x_rdcfg	288	static
../Core/Src/LTC6804.c:1033:8:LTC680x_rdcfgb	288	static
../Core/Src/LTC6804.c:1072:10:LTC680x_st_lookup	24	static
../Core/Src/LTC6804.c:1104:6:clear_discharge	24	static
../Core/Src/LTC6804.c:1114:9:LTC680x_run_cell_adc_st	56	static
../Core/Src/LTC6804.c:1191:9:LTC680x_run_adc_redundancy_st	40	static
../Core/Src/LTC6804.c:1243:6:LTC680x_run_openwire	176	dynamic
../Core/Src/LTC6804.c:1310:10:LTC680x_run_adc_overlap	32	static
../Core/Src/LTC6804.c:1333:6:LTC680x_check_pec	48	static
../Core/Src/LTC6804.c:1390:6:LTC680x_reset_crc_count	32	static
../Core/Src/LTC6804.c:1413:6:LTC680x_init_cfg	56	static
../Core/Src/LTC6804.c:1432:6:LTC680x_set_cfgr	16	static
../Core/Src/LTC6804.c:1441:6:LTC680x_set_cfgr_refon	16	static
../Core/Src/LTC6804.c:1448:6:LTC680x_set_cfgr_adcopt	16	static
../Core/Src/LTC6804.c:1455:6:LTC680x_set_cfgr_gpio	32	static
../Core/Src/LTC6804.c:1465:6:LTC680x_set_cfgr_dis	32	static
../Core/Src/LTC6804.c:1480:6:LTC680x_set_cfgr_uv	24	static
../Core/Src/LTC6804.c:1489:6:LTC680x_set_cfgr_ov	24	static
../Core/Src/LTC6804.c:1498:6:LTC680x_wrcomm	280	static
../Core/Src/LTC6804.c:1529:8:LTC680x_rdcomm	288	static
../Core/Src/LTC6804.c:1569:6:LTC680x_stcomm	24	static
../Core/Src/LTC6804.c:1592:6:LTC680x_wrpwm	280	static
../Core/Src/LTC6804.c:1635:8:LTC680x_rdpwm	296	static
../Core/Src/LTC6804.c:1688:6:LTC6804_init_reg_limits	24	static
../Core/Src/LTC6804.c:1705:6:LTC6804_adcv	16	static
../Core/Src/LTC6804.c:1715:6:LTC6804_adcvsc	16	static
../Core/Src/LTC6804.c:1724:6:LTC6804_adcvax	16	static
../Core/Src/LTC6804.c:1733:6:LTC6804_adol	16	static
../Core/Src/LTC6804.c:1742:6:LTC6804_cvst	16	static
../Core/Src/LTC6804.c:1751:6:LTC6804_axst	16	static
../Core/Src/LTC6804.c:1760:6:LTC6804_statst	16	static
../Core/Src/LTC6804.c:1769:9:LTC6804_pladc	8	static
../Core/Src/LTC6804.c:1775:10:LTC6804_pollAdc	8	static
../Core/Src/LTC6804.c:1781:6:LTC6804_adax	16	static
../Core/Src/LTC6804.c:1790:6:LTC6804_adaxd	16	static
../Core/Src/LTC6804.c:1799:6:LTC6804_adstat	16	static
../Core/Src/LTC6804.c:1808:6:LTC6804_adstatd	16	static
../Core/Src/LTC6804.c:1818:6:LTC6804_adow	16	static
../Core/Src/LTC6804.c:1827:9:LTC6804_rdcv	24	static
../Core/Src/LTC6804.c:1843:8:LTC6804_rdaux	24	static
../Core/Src/LTC6804.c:1859:8:LTC6804_rdstat	24	static
../Core/Src/LTC6804.c:1874:6:LTC6804_clrcell	8	static
../Core/Src/LTC6804.c:1884:6:LTC6804_clraux	8	static
../Core/Src/LTC6804.c:1895:6:LTC6804_clrstat	8	static
../Core/Src/LTC6804.c:1905:6:LTC6804_clrsctrl	8	static
../Core/Src/LTC6804.c:1911:6:LTC6804_diagn	8	static
../Core/Src/LTC6804.c:1921:6:LTC6804_wrcfg	16	static
../Core/Src/LTC6804.c:1932:8:LTC6804_rdcfg	24	static
../Core/Src/LTC6804.c:1944:6:LTC6804_wrpwm	16	static
../Core/Src/LTC6804.c:1956:8:LTC6804_rdpwm	24	static
../Core/Src/LTC6804.c:1969:6:LTC6804_wrcomm	16	static
../Core/Src/LTC6804.c:1979:8:LTC6804_rdcomm	24	static
../Core/Src/LTC6804.c:1991:6:LTC6804_stcomm	8	static
../Core/Src/LTC6804.c:1997:6:LTC6804_set_discharge	32	static
../Core/Src/LTC6804.c:2013:9:LTC6804_run_cell_adc_st	24	static
../Core/Src/LTC6804.c:2021:9:LTC6804_run_adc_redundancy_st	24	static
../Core/Src/LTC6804.c:2028:6:LTC6804_run_openwire	16	static
../Core/Src/LTC6804.c:2033:10:LTC6804_run_adc_overlap	24	static
../Core/Src/LTC6804.c:2040:6:LTC6804_max_min	32	static
../Core/Src/LTC6804.c:2060:6:LTC6804_init_max_min	32	static
../Core/Src/LTC6804.c:2074:6:LTC6804_check_pec	16	static
../Core/Src/LTC6804.c:2080:6:LTC6804_reset_crc_count	16	static
../Core/Src/LTC6804.c:2086:6:LTC6804_init_cfg	16	static
../Core/Src/LTC6804.c:2091:6:LTC6804_set_cfgr	16	static
../Core/Src/LTC6804.c:2099:6:LTC6804_set_cfgr_refon	16	static
../Core/Src/LTC6804.c:2104:6:LTC6804_set_cfgr_adcopt	16	static
../Core/Src/LTC6804.c:2109:6:LTC6804_set_cfgr_gpio	24	static
../Core/Src/LTC6804.c:2114:6:LTC6804_set_cfgr_dis	24	static
../Core/Src/LTC6804.c:2119:6:LTC6804_set_cfgr_uv	16	static
../Core/Src/LTC6804.c:2124:6:LTC6804_set_cfgr_ov	16	static
