../Core/Src/main.c:90:5:main	256	static
../Core/Src/main.c:166:6:SystemClock_Config	96	static
../Core/Src/main.c:215:13:MX_SPI2_Init	8	static
../Core/Src/main.c:255:13:MX_TIM6_Init	24	static
../Core/Src/main.c:293:13:MX_TIM7_Init	24	static
../Core/Src/main.c:331:13:MX_TIM16_Init	8	static
../Core/Src/main.c:363:13:MX_USART2_UART_Init	8	static
../Core/Src/main.c:398:13:MX_GPIO_Init	48	static
../Core/Src/main.c:431:6:LTC6804_init	24	static
../Core/Src/main.c:443:6:HAL_TIM_PeriodElapsedCallback	16	static
../Core/Src/main.c:457:6:Error_Handler	4	static,ignoring_inline_asm
